Warning: You are sending unauthenticated requests to the HF Hub. Please set a HF_TOKEN to enable higher rate limits and faster downloads.
Loading weights:   0%|          | 0/398 [00:00<?, ?it/s]Loading weights: 100%|██████████| 398/398 [00:00<00:00, 9231.81it/s]
Fetching 1 files:   0%|          | 0/1 [00:00<?, ?it/s]Fetching 1 files: 100%|██████████| 1/1 [00:00<00:00, 3432.33it/s]
[run] arith arm=control band=medium budget=0: 60 items
  batch 0: 0.6s (0.0s/item)
  batch 1: 0.4s (0.0s/item)
  batch 2: 0.4s (0.0s/item)
  batch 3: 0.4s (0.0s/item)
[run] arith arm=control band=medium budget=256: 60 items
  batch 0: 6.7s (0.4s/item)
  batch 1: 8.4s (0.5s/item)
  batch 2: 8.6s (0.5s/item)
  batch 3: 8.5s (0.7s/item)
[run] arith arm=control band=medium budget=512: 60 items
  batch 0: 13.1s (0.8s/item)
  batch 1: 15.4s (1.0s/item)
  batch 2: 15.7s (1.0s/item)
  batch 3: 15.5s (1.3s/item)
[run] arith arm=control band=medium budget=1024: 60 items
  batch 0: 26.2s (1.6s/item)
  batch 1: 31.3s (2.0s/item)
  batch 2: 31.3s (2.0s/item)
  batch 3: 30.4s (2.5s/item)
[run] arith arm=control band=medium budget=4096: 60 items
  batch 0: 42.6s (2.7s/item)
  batch 1: 48.5s (3.0s/item)
  batch 2: 132.8s (8.3s/item)
  batch 3: 52.3s (4.4s/item)
[run] arith arm=jspace band=medium budget=0: 60 items
  batch 0: 2.3s (0.1s/item)
  batch 1: 2.7s (0.2s/item)
  batch 2: 2.9s (0.2s/item)
  batch 3: 2.4s (0.2s/item)
[run] arith arm=jspace band=medium budget=256: 60 items
  batch 0: 24.6s (1.5s/item)
  batch 1: 27.0s (1.7s/item)
  batch 2: 27.1s (1.7s/item)
  batch 3: 24.3s (2.0s/item)
[run] arith arm=jspace band=medium budget=512: 60 items
  batch 0: 44.7s (2.8s/item)
  batch 1: 49.6s (3.1s/item)
  batch 2: 49.7s (3.1s/item)
  batch 3: 44.7s (3.7s/item)
[run] arith arm=jspace band=medium budget=1024: 60 items
  batch 0: 85.8s (5.4s/item)
  batch 1: 98.1s (6.1s/item)
  batch 2: 98.1s (6.1s/item)
  batch 3: 86.5s (7.2s/item)
[run] arith arm=jspace band=medium budget=4096: 60 items
  batch 0: 143.1s (8.9s/item)
  batch 1: 88.3s (5.5s/item)
  batch 2: 179.5s (11.2s/item)
  batch 3: 201.3s (16.8s/item)
[run] arith arm=random band=medium budget=0: 60 items
  batch 0: 2.3s (0.1s/item)
  batch 1: 2.6s (0.2s/item)
  batch 2: 2.8s (0.2s/item)
  batch 3: 2.3s (0.2s/item)
[run] arith arm=random band=medium budget=256: 60 items
  batch 0: 22.3s (1.4s/item)
  batch 1: 27.2s (1.7s/item)
  batch 2: 27.4s (1.7s/item)
  batch 3: 24.9s (2.1s/item)
[run] arith arm=random band=medium budget=512: 60 items
  batch 0: 42.9s (2.7s/item)
  batch 1: 49.9s (3.1s/item)
  batch 2: 50.0s (3.1s/item)
  batch 3: 44.9s (3.7s/item)
[run] arith arm=random band=medium budget=1024: 60 items
  batch 0: 83.6s (5.2s/item)
  batch 1: 99.0s (6.2s/item)
  batch 2: 99.4s (6.2s/item)
  batch 3: 87.8s (7.3s/item)
[run] arith arm=random band=medium budget=4096: 60 items
  batch 0: 182.1s (11.4s/item)
  batch 1: 180.5s (11.3s/item)
  batch 2: 305.6s (19.1s/item)
  batch 3: 197.4s (16.4s/item)
[run] gsm8k arm=control band=medium budget=0: 150 items
  batch 0: 0.4s (0.0s/item)
  batch 1: 0.9s (0.1s/item)
  batch 2: 0.4s (0.0s/item)
  batch 3: 1.2s (0.1s/item)
  batch 4: 0.5s (0.0s/item)
  batch 5: 0.6s (0.0s/item)
  batch 6: 0.4s (0.0s/item)
  batch 7: 0.5s (0.0s/item)
  batch 8: 0.5s (0.0s/item)
  batch 9: 1.3s (0.2s/item)
[run] gsm8k arm=control band=medium budget=256: 150 items
  batch 0: 8.3s (0.5s/item)
  batch 1: 8.4s (0.5s/item)
  batch 2: 8.5s (0.5s/item)
  batch 3: 8.3s (0.5s/item)
  batch 4: 8.6s (0.5s/item)
  batch 5: 8.1s (0.5s/item)
  batch 6: 8.3s (0.5s/item)
  batch 7: 8.4s (0.5s/item)
  batch 8: 8.2s (0.5s/item)
  batch 9: 8.3s (1.4s/item)
[run] gsm8k arm=control band=medium budget=512: 150 items
  batch 0: 15.3s (1.0s/item)
  batch 1: 16.1s (1.0s/item)
  batch 2: 15.8s (1.0s/item)
  batch 3: 15.5s (1.0s/item)
  batch 4: 15.4s (1.0s/item)
  batch 5: 15.3s (1.0s/item)
  batch 6: 15.2s (1.0s/item)
  batch 7: 15.7s (1.0s/item)
  batch 8: 16.2s (1.0s/item)
  batch 9: 15.1s (2.5s/item)
[run] gsm8k arm=control band=medium budget=1024: 150 items
  batch 0: 31.3s (2.0s/item)
  batch 1: 31.7s (2.0s/item)
  batch 2: 31.9s (2.0s/item)
  batch 3: 31.6s (2.0s/item)
  batch 4: 31.5s (2.0s/item)
  batch 5: 31.3s (2.0s/item)
  batch 6: 31.3s (2.0s/item)
  batch 7: 31.4s (2.0s/item)
  batch 8: 31.1s (1.9s/item)
  batch 9: 28.6s (4.8s/item)
[run] gsm8k arm=control band=medium budget=4096: 150 items
  batch 0: 225.0s (14.1s/item)
  batch 1: 228.3s (14.3s/item)
  batch 2: 226.3s (14.1s/item)
  batch 3: 227.0s (14.2s/item)
  batch 4: 227.5s (14.2s/item)
  batch 5: 225.7s (14.1s/item)
  batch 6: 225.6s (14.1s/item)
  batch 7: 202.3s (12.6s/item)
  batch 8: 161.9s (10.1s/item)
  batch 9: 68.9s (11.5s/item)
[run] gsm8k arm=jspace band=medium budget=0: 150 items
  batch 0: 5.7s (0.4s/item)
  batch 1: 9.6s (0.6s/item)
  batch 2: 8.6s (0.5s/item)
  batch 3: 8.8s (0.5s/item)
  batch 4: 9.0s (0.6s/item)
  batch 5: 8.1s (0.5s/item)
  batch 6: 7.8s (0.5s/item)
  batch 7: 8.8s (0.5s/item)
  batch 8: 8.2s (0.5s/item)
  batch 9: 4.7s (0.8s/item)
[run] gsm8k arm=jspace band=medium budget=256: 150 items
  batch 0: 29.6s (1.8s/item)
  batch 1: 31.4s (2.0s/item)
  batch 2: 30.5s (1.9s/item)
  batch 3: 30.6s (1.9s/item)
  batch 4: 30.6s (1.9s/item)
  batch 5: 29.8s (1.9s/item)
  batch 6: 29.4s (1.8s/item)
  batch 7: 30.9s (1.9s/item)
  batch 8: 29.9s (1.9s/item)
  batch 9: 21.7s (3.6s/item)
[run] gsm8k arm=jspace band=medium budget=512: 150 items
  batch 0: 52.9s (3.3s/item)
  batch 1: 54.2s (3.4s/item)
  batch 2: 53.4s (3.3s/item)
  batch 3: 53.4s (3.3s/item)
  batch 4: 53.7s (3.4s/item)
  batch 5: 52.8s (3.3s/item)
  batch 6: 52.3s (3.3s/item)
  batch 7: 53.6s (3.3s/item)
  batch 8: 52.9s (3.3s/item)
  batch 9: 39.0s (6.5s/item)
[run] gsm8k arm=jspace band=medium budget=1024: 150 items
  batch 0: 102.3s (6.4s/item)
  batch 1: 105.5s (6.6s/item)
  batch 2: 104.0s (6.5s/item)
  batch 3: 104.1s (6.5s/item)
  batch 4: 104.3s (6.5s/item)
  batch 5: 102.4s (6.4s/item)
  batch 6: 102.3s (6.4s/item)
  batch 7: 103.7s (6.5s/item)
  batch 8: 102.3s (6.4s/item)
  batch 9: 73.3s (12.2s/item)
[run] gsm8k arm=jspace band=medium budget=4096: 150 items
  batch 0: 368.4s (23.0s/item)
  batch 1: 605.8s (37.9s/item)
  batch 2: 228.4s (14.3s/item)
  batch 3: 518.6s (32.4s/item)
  batch 4: 601.3s (37.6s/item)
  batch 5: 193.3s (12.1s/item)
  batch 6: 594.9s (37.2s/item)
  batch 7: 178.9s (11.2s/item)
  batch 8: 189.1s (11.8s/item)
  batch 9: 327.3s (54.6s/item)
[run] gsm8k arm=random band=medium budget=0: 150 items
  batch 0: 5.0s (0.3s/item)
  batch 1: 9.5s (0.6s/item)
  batch 2: 8.5s (0.5s/item)
  batch 3: 8.8s (0.6s/item)
  batch 4: 9.0s (0.6s/item)
  batch 5: 8.1s (0.5s/item)
  batch 6: 7.8s (0.5s/item)
  batch 7: 8.7s (0.5s/item)
  batch 8: 5.2s (0.3s/item)
  batch 9: 4.6s (0.8s/item)
[run] gsm8k arm=random band=medium budget=256: 150 items
  batch 0: 29.4s (1.8s/item)
  batch 1: 31.5s (2.0s/item)
  batch 2: 30.5s (1.9s/item)
  batch 3: 30.6s (1.9s/item)
  batch 4: 30.7s (1.9s/item)
  batch 5: 29.6s (1.8s/item)
  batch 6: 29.3s (1.8s/item)
  batch 7: 30.4s (1.9s/item)
  batch 8: 29.8s (1.9s/item)
  batch 9: 21.8s (3.6s/item)
[run] gsm8k arm=random band=medium budget=512: 150 items
  batch 0: 51.7s (3.2s/item)
  batch 1: 54.5s (3.4s/item)
  batch 2: 52.6s (3.3s/item)
  batch 3: 53.1s (3.3s/item)
  batch 4: 54.0s (3.4s/item)
  batch 5: 52.4s (3.3s/item)
  batch 6: 51.9s (3.2s/item)
  batch 7: 53.1s (3.3s/item)
  batch 8: 52.6s (3.3s/item)
  batch 9: 39.2s (6.5s/item)
[run] gsm8k arm=random band=medium budget=1024: 150 items
  batch 0: 101.7s (6.4s/item)
  batch 1: 104.9s (6.6s/item)
  batch 2: 103.7s (6.5s/item)
  batch 3: 103.8s (6.5s/item)
  batch 4: 104.3s (6.5s/item)
  batch 5: 102.5s (6.4s/item)
  batch 6: 101.4s (6.3s/item)
  batch 7: 103.5s (6.5s/item)
  batch 8: 102.3s (6.4s/item)
  batch 9: 73.7s (12.3s/item)
[run] gsm8k arm=random band=medium budget=4096: 150 items
  batch 0: 598.0s (37.4s/item)
  batch 1: 607.2s (38.0s/item)
  batch 2: 477.5s (29.8s/item)
  batch 3: 603.1s (37.7s/item)
  batch 4: 600.7s (37.5s/item)
  batch 5: 599.5s (37.5s/item)
  batch 6: 598.0s (37.4s/item)
  batch 7: 603.0s (37.7s/item)
  batch 8: 428.8s (26.8s/item)
  batch 9: 174.4s (29.1s/item)
[run] math500 arm=control band=medium budget=0: 150 items
  batch 0: 0.7s (0.0s/item)
  batch 1: 1.5s (0.1s/item)
  batch 2: 1.1s (0.1s/item)
  batch 3: 0.5s (0.0s/item)
  batch 4: 0.7s (0.0s/item)
  batch 5: 0.6s (0.0s/item)
  batch 6: 0.8s (0.0s/item)
  batch 7: 0.8s (0.0s/item)
  batch 8: 1.6s (0.1s/item)
  batch 9: 0.4s (0.1s/item)
[run] math500 arm=control band=medium budget=256: 150 items
  batch 0: 8.4s (0.5s/item)
  batch 1: 8.3s (0.5s/item)
  batch 2: 8.4s (0.5s/item)
  batch 3: 8.1s (0.5s/item)
  batch 4: 8.2s (0.5s/item)
  batch 5: 8.5s (0.5s/item)
  batch 6: 8.6s (0.5s/item)
  batch 7: 10.6s (0.7s/item)
  batch 8: 8.3s (0.5s/item)
  batch 9: 7.9s (1.3s/item)
[run] math500 arm=control band=medium budget=512: 150 items
  batch 0: 15.2s (1.0s/item)
  batch 1: 15.2s (1.0s/item)
  batch 2: 15.5s (1.0s/item)
  batch 3: 15.0s (0.9s/item)
  batch 4: 16.7s (1.0s/item)
  batch 5: 15.0s (0.9s/item)
  batch 6: 15.4s (1.0s/item)
  batch 7: 19.4s (1.2s/item)
  batch 8: 15.5s (1.0s/item)
  batch 9: 14.5s (2.4s/item)
[run] math500 arm=control band=medium budget=1024: 150 items
  batch 0: 32.4s (2.0s/item)
  batch 1: 32.0s (2.0s/item)
  batch 2: 33.6s (2.1s/item)
  batch 3: 31.2s (2.0s/item)
  batch 4: 31.1s (1.9s/item)
  batch 5: 31.0s (1.9s/item)
  batch 6: 32.6s (2.0s/item)
  batch 7: 41.7s (2.6s/item)
  batch 8: 32.0s (2.0s/item)
  batch 9: 28.8s (4.8s/item)
[run] math500 arm=control band=medium budget=4096: 150 items
  batch 0: 228.0s (14.3s/item)
  batch 1: 153.3s (9.6s/item)
  batch 2: 240.8s (15.0s/item)
  batch 3: 225.6s (14.1s/item)
  batch 4: 224.9s (14.1s/item)
  batch 5: 224.8s (14.0s/item)
  batch 6: 234.6s (14.7s/item)
  batch 7: 273.0s (17.1s/item)
  batch 8: 230.4s (14.4s/item)
  batch 9: 129.7s (21.6s/item)
[run] math500 arm=jspace band=medium budget=0: 150 items
  batch 0: 9.9s (0.6s/item)
  batch 1: 8.7s (0.5s/item)
  batch 2: 16.1s (1.0s/item)
  batch 3: 8.5s (0.5s/item)
  batch 4: 8.2s (0.5s/item)
  batch 5: 8.2s (0.5s/item)
  batch 6: 13.1s (0.8s/item)
  batch 7: 30.7s (1.9s/item)
  batch 8: 10.9s (0.7s/item)
  batch 9: 4.7s (0.8s/item)
[run] math500 arm=jspace band=medium budget=256: 150 items
  batch 0: 31.6s (2.0s/item)
  batch 1: 30.2s (1.9s/item)
  batch 2: 38.4s (2.4s/item)
  batch 3: 30.0s (1.9s/item)
  batch 4: 30.1s (1.9s/item)
  batch 5: 29.9s (1.9s/item)
  batch 6: 35.2s (2.2s/item)
  batch 7: 55.8s (3.5s/item)
  batch 8: 32.6s (2.0s/item)
  batch 9: 21.5s (3.6s/item)
[run] math500 arm=jspace band=medium budget=512: 150 items
  batch 0: 54.2s (3.4s/item)
  batch 1: 53.3s (3.3s/item)
  batch 2: 61.9s (3.9s/item)
  batch 3: 53.0s (3.3s/item)
  batch 4: 51.9s (3.2s/item)
  batch 5: 51.9s (3.2s/item)
  batch 6: 57.8s (3.6s/item)
  batch 7: 83.5s (5.2s/item)
  batch 8: 55.5s (3.5s/item)
  batch 9: 38.3s (6.4s/item)
[run] math500 arm=jspace band=medium budget=1024: 150 items
  batch 0: 104.9s (6.6s/item)
  batch 1: 103.0s (6.4s/item)
  batch 2: 116.7s (7.3s/item)
  batch 3: 102.5s (6.4s/item)
  batch 4: 102.1s (6.4s/item)
  batch 5: 102.2s (6.4s/item)
  batch 6: 110.8s (6.9s/item)
  batch 7: 146.2s (9.1s/item)
  batch 8: 106.5s (6.7s/item)
  batch 9: 73.5s (12.3s/item)
[run] math500 arm=jspace band=medium budget=4096: 150 items
  batch 0: 606.8s (37.9s/item)
  batch 1: 594.4s (37.1s/item)
  batch 2: 638.0s (39.9s/item)
  batch 3: 599.0s (37.4s/item)
  batch 4: 598.8s (37.4s/item)
  batch 5: 598.7s (37.4s/item)
  batch 6: 623.4s (39.0s/item)
  batch 7: 716.8s (44.8s/item)
  batch 8: 611.4s (38.2s/item)
  batch 9: 329.2s (54.9s/item)
[run] math500 arm=random band=medium budget=0: 150 items
  batch 0: 9.8s (0.6s/item)
  batch 1: 8.7s (0.5s/item)
  batch 2: 16.1s (1.0s/item)
  batch 3: 8.5s (0.5s/item)
  batch 4: 8.4s (0.5s/item)
  batch 5: 8.2s (0.5s/item)
  batch 6: 13.1s (0.8s/item)
  batch 7: 30.7s (1.9s/item)
  batch 8: 11.0s (0.7s/item)
  batch 9: 4.8s (0.8s/item)
[run] math500 arm=random band=medium budget=256: 150 items
  batch 0: 31.6s (2.0s/item)
  batch 1: 30.6s (1.9s/item)
  batch 2: 38.4s (2.4s/item)
  batch 3: 30.2s (1.9s/item)
  batch 4: 29.8s (1.9s/item)
  batch 5: 30.2s (1.9s/item)
  batch 6: 35.7s (2.2s/item)
  batch 7: 56.0s (3.5s/item)
  batch 8: 32.9s (2.1s/item)
  batch 9: 22.1s (3.7s/item)
[run] math500 arm=random band=medium budget=512: 150 items
  batch 0: 54.8s (3.4s/item)
  batch 1: 53.3s (3.3s/item)
  batch 2: 62.5s (3.9s/item)
  batch 3: 53.2s (3.3s/item)
  batch 4: 52.7s (3.3s/item)
  batch 5: 52.6s (3.3s/item)
  batch 6: 58.4s (3.7s/item)
  batch 7: 83.8s (5.2s/item)
  batch 8: 55.5s (3.5s/item)
  batch 9: 39.1s (6.5s/item)
[run] math500 arm=random band=medium budget=1024: 150 items
  batch 0: 106.0s (6.6s/item)
  batch 1: 103.9s (6.5s/item)
  batch 2: 117.4s (7.3s/item)
  batch 3: 103.3s (6.5s/item)
  batch 4: 104.0s (6.5s/item)
  batch 5: 103.5s (6.5s/item)
  batch 6: 112.1s (7.0s/item)
  batch 7: 146.9s (9.2s/item)
  batch 8: 107.5s (6.7s/item)
  batch 9: 73.8s (12.3s/item)
[run] math500 arm=random band=medium budget=4096: 150 items
  batch 0: 609.9s (38.1s/item)
  batch 1: 604.6s (37.8s/item)
  batch 2: 641.1s (40.1s/item)
  batch 3: 602.5s (37.7s/item)
  batch 4: 600.7s (37.5s/item)
  batch 5: 601.4s (37.6s/item)
  batch 6: 623.1s (38.9s/item)
  batch 7: 720.5s (45.0s/item)
  batch 8: 615.4s (38.5s/item)
  batch 9: 333.7s (55.6s/item)
[run] aime24 arm=control band=medium budget=0: 90 items
  batch 0: 0.4s (0.0s/item)
  batch 1: 0.4s (0.0s/item)
  batch 2: 0.4s (0.0s/item)
  batch 3: 1.3s (0.1s/item)
  batch 4: 0.4s (0.0s/item)
  batch 5: 0.5s (0.0s/item)
[run] aime24 arm=control band=medium budget=256: 90 items
  batch 0: 8.3s (0.5s/item)
  batch 1: 8.3s (0.5s/item)
  batch 2: 8.1s (0.5s/item)
  batch 3: 8.2s (0.5s/item)
  batch 4: 8.3s (0.5s/item)
  batch 5: 8.4s (0.8s/item)
[run] aime24 arm=control band=medium budget=512: 90 items
  batch 0: 15.2s (1.0s/item)
  batch 1: 15.2s (0.9s/item)
  batch 2: 15.2s (0.9s/item)
  batch 3: 15.3s (1.0s/item)
  batch 4: 15.7s (1.0s/item)
  batch 5: 15.3s (1.5s/item)
[run] aime24 arm=control band=medium budget=1024: 90 items
  batch 0: 31.4s (2.0s/item)
  batch 1: 31.4s (2.0s/item)
  batch 2: 31.2s (2.0s/item)
  batch 3: 32.1s (2.0s/item)
  batch 4: 32.1s (2.0s/item)
  batch 5: 29.8s (3.0s/item)
[run] aime24 arm=control band=medium budget=4096: 90 items
  batch 0: 229.0s (14.3s/item)
  batch 1: 228.8s (14.3s/item)
  batch 2: 226.1s (14.1s/item)
  batch 3: 231.9s (14.5s/item)
  batch 4: 229.8s (14.4s/item)
  batch 5: 183.4s (18.3s/item)
[run] aime24 arm=jspace band=medium budget=0: 90 items
  batch 0: 9.8s (0.6s/item)
  batch 1: 9.9s (0.6s/item)
  batch 2: 8.6s (0.5s/item)
  batch 3: 11.3s (0.7s/item)
  batch 4: 10.7s (0.7s/item)
  batch 5: 12.0s (1.2s/item)
[run] aime24 arm=jspace band=medium budget=256: 90 items
  batch 0: 31.4s (2.0s/item)
  batch 1: 31.4s (2.0s/item)
  batch 2: 30.2s (1.9s/item)
  batch 3: 32.9s (2.1s/item)
  batch 4: 32.3s (2.0s/item)
  batch 5: 30.7s (3.1s/item)
[run] aime24 arm=jspace band=medium budget=512: 90 items
  batch 0: 53.8s (3.4s/item)
  batch 1: 54.2s (3.4s/item)
  batch 2: 52.2s (3.3s/item)
  batch 3: 55.5s (3.5s/item)
  batch 4: 55.1s (3.4s/item)
  batch 5: 50.5s (5.0s/item)
[run] aime24 arm=jspace band=medium budget=1024: 90 items
  batch 0: 104.6s (6.5s/item)
  batch 1: 105.3s (6.6s/item)
  batch 2: 102.2s (6.4s/item)
  batch 3: 107.4s (6.7s/item)
  batch 4: 106.3s (6.6s/item)
  batch 5: 92.6s (9.3s/item)
[run] aime24 arm=jspace band=medium budget=4096: 90 items
  batch 0: 605.6s (37.8s/item)
  batch 1: 605.7s (37.9s/item)
  batch 2: 598.7s (37.4s/item)
  batch 3: 612.8s (38.3s/item)
  batch 4: 611.4s (38.2s/item)
  batch 5: 477.9s (47.8s/item)
[run] aime24 arm=random band=medium budget=0: 90 items
  batch 0: 6.8s (0.4s/item)
  batch 1: 9.9s (0.6s/item)
  batch 2: 8.6s (0.5s/item)
  batch 3: 11.4s (0.7s/item)
  batch 4: 10.7s (0.7s/item)
  batch 5: 12.0s (1.2s/item)
[run] aime24 arm=random band=medium budget=256: 90 items
  batch 0: 31.7s (2.0s/item)
  batch 1: 31.5s (2.0s/item)
  batch 2: 30.6s (1.9s/item)
  batch 3: 33.5s (2.1s/item)
  batch 4: 32.6s (2.0s/item)
  batch 5: 31.1s (3.1s/item)
[run] aime24 arm=random band=medium budget=512: 90 items
  batch 0: 55.3s (3.5s/item)
  batch 1: 54.3s (3.4s/item)
  batch 2: 52.9s (3.3s/item)
  batch 3: 56.2s (3.5s/item)
  batch 4: 55.7s (3.5s/item)
  batch 5: 50.8s (5.1s/item)
[run] aime24 arm=random band=medium budget=1024: 90 items
  batch 0: 105.2s (6.6s/item)
  batch 1: 106.0s (6.6s/item)
  batch 2: 103.8s (6.5s/item)
  batch 3: 108.3s (6.8s/item)
  batch 4: 106.8s (6.7s/item)
  batch 5: 93.0s (9.3s/item)
[run] aime24 arm=random band=medium budget=4096: 90 items
  batch 0: 609.0s (38.1s/item)
  batch 1: 608.2s (38.0s/item)
  batch 2: 601.3s (37.6s/item)
  batch 3: 616.9s (38.6s/item)
  batch 4: 613.6s (38.4s/item)
  batch 5: 481.2s (48.1s/item)
